asm85 8085 Assembler by nib

                     1: ; Test program for 8085 SBC.  Blinks an LED on SOD forever.
                     2: ; Note the first jump that seems to do nothing.  This is for the power-on jump.
                     3: ; The ROM is normally at 8000 and the RAM at 0000.  At reset, the ROM maps to
                     4: ; both 0000 and 8000.  This condition persists until the A15 line goes high.
                     5: ; The first instruction is located at 8000, but the PC will actually be 0000
                     6: ; when it executes.  The jump to 8003 will cause the power-on flip flop to
                     7: ; clear and the normal addressing scheme will be activated.  At this point,
                     8: ; the RAM and ROM use their normal addressing.
                     9: 
(8000)              10: 	ORG 8000h
                    11: 	
8000 c3 03 80       12: 	JMP START	; Jump to ROM
                    13: 
8003 3e c0          14: START:  MVI A, 0C0h	; LED on
8005 30             15:         SIM
                    16: 
8006 3e ff          17:         MVI A, 0FFh	; Delay
8008 47             18:         MOV B, A
8009 3d             19: D1PT1:  DCR A
800a 05             20: D1PT2:  DCR B
800b c2 0a 80       21:         JNZ D1PT2
800e fe 00          22:         CPI 00h
8010 c2 09 80       23:         JNZ D1PT1
                    24: 
8013 3e 40          25:         MVI A, 40h	; LED off
8015 30             26:         SIM
                    27: 
8016 3e ff          28:         MVI A, 0FFh	; Delay
8018 47             29:         MOV B, A
8019 3d             30: D2PT1:  DCR A
801a 05             31: D2PT2:  DCR B
801b c2 1a 80       32:         JNZ D2PT2
801e fe 00          33:         CPI 00h
8020 c2 19 80       34:         JNZ D2PT1
                    35: 
8023 c3 03 80       36:         JMP START	; Loop forever

36 lines, 0 errors, 0 warnings


SYMBOL TABLE:

START           : 8003 (32771)
D1PT1           : 8009 (32777)
D1PT2           : 800a (32778)
D2PT1           : 8019 (32793)
D2PT2           : 801a (32794)


Total memory is 38 bytes
